../Core/Src/main.c:69:7:getVoltage	24	static
../Core/Src/main.c:76:7:getTemp	32	static
../Core/Src/main.c:90:7:getMoisture	16	static
../Core/Src/main.c:98:6:sendVal	72	static
../Core/Src/main.c:110:5:main	16	static
../Core/Src/main.c:164:6:SystemClock_Config	88	static
../Core/Src/main.c:212:13:MX_ADC1_Init	24	static
../Core/Src/main.c:263:13:MX_ADC2_Init	24	static
../Core/Src/main.c:315:13:MX_USART2_UART_Init	8	static
../Core/Src/main.c:348:13:MX_GPIO_Init	48	static
../Core/Src/main.c:388:6:Error_Handler	4	static,ignoring_inline_asm
