../Core/Src/main.c:68:6:receiveData	48	static
../Core/Src/main.c:81:6:translate	40	static
../Core/Src/main.c:102:6:lcd_send_cmd	88	static
../Core/Src/main.c:126:6:lcd_send_data	88	static
../Core/Src/main.c:150:6:lcd_init	40	static
../Core/Src/main.c:179:6:lcd_send_string	16	static
../Core/Src/main.c:183:6:lcd_put_cur	16	static
../Core/Src/main.c:202:5:main	8	static
../Core/Src/main.c:258:6:SystemClock_Config	88	static
../Core/Src/main.c:306:13:MX_I2C1_Init	8	static
../Core/Src/main.c:340:13:MX_USART1_UART_Init	8	static
../Core/Src/main.c:373:13:MX_USART2_UART_Init	8	static
../Core/Src/main.c:406:13:MX_GPIO_Init	48	static
../Core/Src/main.c:446:6:Error_Handler	40	static,ignoring_inline_asm
